Server started on PORT:4000
node : C:\Users\Tamil
Hari\Desktop\MERN-AUT
H\server\node_modules
\mongodb-connection-s
tring-url\lib\index.j
s:85
At line:1 char:1
+ node server.js > 
error_log.txt 2>&1
+ ~~~~~~~~~~~~~~~~~~~
~~~~~~~~~~~~~~~~
    + CategoryInfo   
           : NotSpe  
  cified: (C:\User   
 s\TamilH...lib\i    
ndex.js:85:Strin    
g) [], RemoteExc    
eption
    + FullyQualified 
   ErrorId : Native  
  CommandError
 
            throw 
new MongoParseError('
Invalid scheme, 
expected connection 
string to start with 
"mongodb://" or 
"mongodb+srv://"');
                  ^

MongoParseError: 
Invalid scheme, 
expected connection 
string to start with 
"mongodb://" or 
"mongodb+srv://"
    at new 
ConnectionString (C:\
Users\TamilHari\Deskt
op\MERN-AUTH\server\n
ode_modules\mongodb-c
onnection-string-url\
lib\index.js:85:19)
    at parseOptions (
C:\Users\TamilHari\De
sktop\MERN-AUTH\serve
r\node_modules\mongod
b\lib\connection_stri
ng.js:197:17)
    at new 
MongoClient (C:\Users
\TamilHari\Desktop\ME
RN-AUTH\server\node_m
odules\mongodb\lib\mo
ngo_client.js:67:61)
    at NativeConnecti
on.createClient (C:\U
sers\TamilHari\Deskto
p\MERN-AUTH\server\no
de_modules\mongoose\l
ib\drivers\node-mongo
db-native\connection.
js:334:14)
    at NativeConnecti
on.openUri (C:\Users\
TamilHari\Desktop\MER
N-AUTH\server\node_mo
dules\mongoose\lib\co
nnection.js:1075:34)
    at 
Mongoose.connect (C:\
Users\TamilHari\Deskt
op\MERN-AUTH\server\n
ode_modules\mongoose\
lib\mongoose.js:451:1
5)
    at connectDB (fil
e:///C:/Users/TamilHa
ri/Desktop/MERN-AUTH/
server/config/mangodb
.js:7:20)
    at file:///C:/Use
rs/TamilHari/Desktop/
MERN-AUTH/server/serv
er.js:12:1
    at ModuleJob.run 
(node:internal/module
s/esm/module_job:377:
25)
    at async onImport
.tracePromise.__proto
__ (node:internal/mod
ules/esm/loader:671:2
6)

Node.js v24.11.1
